
> adhikar-ai-backend@1.0.0 test
> jest --coverage

  console.log
    {"severity":"INFO","message":"GET /health 200 (53ms)","timestamp":"2026-05-03T18:26:01.662Z","serviceContext":{"service":"adhikar-ai-backend"},"httpRequest":{"requestMethod":"GET","requestUrl":"/health","status":200,"remoteIp":"::ffff:127.0.0.1","latency":"0.053s"},"responseTime":53}

      at log (services/cloudLogger.js:18:15)

  console.log
    {"severity":"INFO","message":"GET /api/health 200 (20ms)","timestamp":"2026-05-03T18:26:01.775Z","serviceContext":{"service":"adhikar-ai-backend"},"httpRequest":{"requestMethod":"GET","requestUrl":"/api/health","status":200,"remoteIp":"::ffff:127.0.0.1","latency":"0.02s"},"responseTime":20}

      at log (services/cloudLogger.js:18:15)

  console.log
    [INFO] 2026-05-03T18:26:01.811Z: Fetched fresh news data

      at log (utils/logger.js:2:11)

  console.log
    {"severity":"INFO","message":"GET /api/news 200 (13ms)","timestamp":"2026-05-03T18:26:01.823Z","serviceContext":{"service":"adhikar-ai-backend"},"httpRequest":{"requestMethod":"GET","requestUrl":"/api/news","status":200,"remoteIp":"::ffff:127.0.0.1","latency":"0.013s"},"responseTime":13}

      at log (services/cloudLogger.js:18:15)

  console.log
    {"severity":"INFO","message":"GET /api/realtime 200 (10ms)","timestamp":"2026-05-03T18:26:01.871Z","serviceContext":{"service":"adhikar-ai-backend"},"httpRequest":{"requestMethod":"GET","requestUrl":"/api/realtime","status":200,"remoteIp":"::ffff:127.0.0.1","latency":"0.01s"},"responseTime":10}

      at log (services/cloudLogger.js:18:15)

  console.log
    {"severity":"INFO","message":"GET /api/polling-booths 200 (8ms)","timestamp":"2026-05-03T18:26:01.918Z","serviceContext":{"service":"adhikar-ai-backend"},"httpRequest":{"requestMethod":"GET","requestUrl":"/api/polling-booths","status":200,"remoteIp":"::ffff:127.0.0.1","latency":"0.008s"},"responseTime":8}

      at log (services/cloudLogger.js:18:15)

  console.log
    {"severity":"INFO","message":"GET /api/metrics 200 (7ms)","timestamp":"2026-05-03T18:26:01.960Z","serviceContext":{"service":"adhikar-ai-backend"},"httpRequest":{"requestMethod":"GET","requestUrl":"/api/metrics","status":200,"remoteIp":"::ffff:127.0.0.1","latency":"0.007s"},"responseTime":7}

      at log (services/cloudLogger.js:18:15)

  console.log
    {"severity":"INFO","message":"GET /api/candidates 200 (10ms)","timestamp":"2026-05-03T18:26:02.035Z","serviceContext":{"service":"adhikar-ai-backend"},"httpRequest":{"requestMethod":"GET","requestUrl":"/api/candidates","status":200,"remoteIp":"::ffff:127.0.0.1","latency":"0.01s"},"responseTime":10}

      at log (services/cloudLogger.js:18:15)

  console.log
    {"severity":"ANALYTICS EVENT: TEST_EVENT","message":"INFO","timestamp":"2026-05-03T18:26:02.144Z","serviceContext":{"service":"adhikar-ai-backend"},"query":"how to vote"}

      at log (services/cloudLogger.js:18:15)

  console.log
    [BIGQUERY] Streaming row: {"query":"how to vote","response":"Step 1...","eventType":"TEST_EVENT","ingested_at":"2026-05-03T18:26:02.147Z","dataset":"election_analytics_2024"}

      at log (services/bigquery.js:14:13)

  console.log
    {"severity":"INFO","message":"Interaction logged: AI_ASK","timestamp":"2026-05-03T18:26:02.158Z","serviceContext":{"service":"adhikar-ai-backend"},"interaction":{"query":"how to vote","response":"Step 1...","sessionId":"guest","queryType":"AI_ASK","createdAt":"2026-05-03T18:26:02.158Z","platform":"adhikar-ai-web"}}

      at log (services/cloudLogger.js:18:15)

  console.log
    {"severity":"INFO","message":"POST /api/log 200 (1932ms)","timestamp":"2026-05-03T18:26:04.023Z","serviceContext":{"service":"adhikar-ai-backend"},"httpRequest":{"requestMethod":"POST","requestUrl":"/api/log","status":200,"remoteIp":"::ffff:127.0.0.1","latency":"1.932s"},"responseTime":1932}

      at log (services/cloudLogger.js:18:15)

  console.log
    {"severity":"INFO","message":"POST /api/eligibility 200 (30ms)","timestamp":"2026-05-03T18:26:04.121Z","serviceContext":{"service":"adhikar-ai-backend"},"httpRequest":{"requestMethod":"POST","requestUrl":"/api/eligibility","status":200,"remoteIp":"::ffff:127.0.0.1","latency":"0.03s"},"responseTime":30}

      at log (services/cloudLogger.js:18:15)

  console.log
    {"severity":"INFO","message":"POST /api/eligibility 200 (29ms)","timestamp":"2026-05-03T18:26:04.224Z","serviceContext":{"service":"adhikar-ai-backend"},"httpRequest":{"requestMethod":"POST","requestUrl":"/api/eligibility","status":200,"remoteIp":"::ffff:127.0.0.1","latency":"0.029s"},"responseTime":29}

      at log (services/cloudLogger.js:18:15)

  console.log
    {"severity":"INFO","message":"POST /api/ai/ask 200 (32ms)","timestamp":"2026-05-03T18:26:04.319Z","serviceContext":{"service":"adhikar-ai-backend"},"httpRequest":{"requestMethod":"POST","requestUrl":"/api/ai/ask","status":200,"remoteIp":"::ffff:127.0.0.1","latency":"0.032s"},"responseTime":32}

      at log (services/cloudLogger.js:18:15)

  console.log
    {"severity":"ERROR","message":"POST /api/ai/ask 400 (20ms)","timestamp":"2026-05-03T18:26:04.425Z","serviceContext":{"service":"adhikar-ai-backend"},"httpRequest":{"requestMethod":"POST","requestUrl":"/api/ai/ask","status":400,"remoteIp":"::ffff:127.0.0.1","latency":"0.02s"},"responseTime":20}

      at log (services/cloudLogger.js:18:15)

  console.log
    {"severity":"INFO","message":"POST /api/eligibility 200 (18ms)","timestamp":"2026-05-03T18:26:04.487Z","serviceContext":{"service":"adhikar-ai-backend"},"httpRequest":{"requestMethod":"POST","requestUrl":"/api/eligibility","status":200,"remoteIp":"::ffff:127.0.0.1","latency":"0.018s"},"responseTime":18}

      at log (services/cloudLogger.js:18:15)

  console.log
    {"severity":"INFO","message":"GET /api/timeline?location=InvalidPlace 200 (11ms)","timestamp":"2026-05-03T18:26:04.557Z","serviceContext":{"service":"adhikar-ai-backend"},"httpRequest":{"requestMethod":"GET","requestUrl":"/api/timeline?location=InvalidPlace","status":200,"remoteIp":"::ffff:127.0.0.1","latency":"0.011s"},"responseTime":11}

      at log (services/cloudLogger.js:18:15)

  console.log
    {"severity":"ANALYTICS EVENT: AI_QUERY","message":"INFO","timestamp":"2026-05-03T18:26:04.667Z","serviceContext":{"service":"adhikar-ai-backend"},"query":"test"}

      at log (services/cloudLogger.js:18:15)

  console.log
    [BIGQUERY] Streaming row: {"query":"test","eventType":"AI_QUERY","ingested_at":"2026-05-03T18:26:04.671Z","dataset":"election_analytics_2024"}

      at log (services/bigquery.js:14:13)

  console.log
    {"severity":"INFO","message":"Interaction logged: AI_ASK","timestamp":"2026-05-03T18:26:04.700Z","serviceContext":{"service":"adhikar-ai-backend"},"interaction":{"query":"test","response":"EVENT_LOGGED","sessionId":"guest","queryType":"AI_ASK","createdAt":"2026-05-03T18:26:04.700Z","platform":"adhikar-ai-web"}}

      at log (services/cloudLogger.js:18:15)

  console.log
    {"severity":"INFO","message":"POST /api/log 200 (71ms)","timestamp":"2026-05-03T18:26:04.721Z","serviceContext":{"service":"adhikar-ai-backend"},"httpRequest":{"requestMethod":"POST","requestUrl":"/api/log","status":200,"remoteIp":"::ffff:127.0.0.1","latency":"0.071s"},"responseTime":71}

      at log (services/cloudLogger.js:18:15)

  console.error
    [ERROR] 2026-05-03T18:26:04.832Z: ReferenceError: formatResponse is not defined
        at D:\program files\Adhikar-AI\backend\index.js:90:18
        at Layer.handle [as handle_request] (D:\program files\Adhikar-AI\backend\node_modules\express\lib\router\layer.js:95:5)
        at trim_prefix (D:\program files\Adhikar-AI\backend\node_modules\express\lib\router\index.js:328:13)
        at D:\program files\Adhikar-AI\backend\node_modules\express\lib\router\index.js:286:9
        at param (D:\program files\Adhikar-AI\backend\node_modules\express\lib\router\index.js:365:14)
        at param (D:\program files\Adhikar-AI\backend\node_modules\express\lib\router\index.js:376:14)
        at router.process_params (D:\program files\Adhikar-AI\backend\node_modules\express\lib\router\index.js:421:3)
        at next (D:\program files\Adhikar-AI\backend\node_modules\express\lib\router\index.js:280:10)
        at next (D:\program files\Adhikar-AI\backend\node_modules\express\lib\router\route.js:141:14)
        at next (D:\program files\Adhikar-AI\backend\index.js:83:12)
        at Layer.handle [as handle_request] (D:\program files\Adhikar-AI\backend\node_modules\express\lib\router\layer.js:95:5)
        at next (D:\program files\Adhikar-AI\backend\node_modules\express\lib\router\route.js:149:13)
        at Route.dispatch (D:\program files\Adhikar-AI\backend\node_modules\express\lib\router\route.js:119:3)
        at Layer.handle [as handle_request] (D:\program files\Adhikar-AI\backend\node_modules\express\lib\router\layer.js:95:5)
        at D:\program files\Adhikar-AI\backend\node_modules\express\lib\router\index.js:284:15
        at param (D:\program files\Adhikar-AI\backend\node_modules\express\lib\router\index.js:365:14)
        at param (D:\program files\Adhikar-AI\backend\node_modules\express\lib\router\index.js:376:14)
        at router.process_params (D:\program files\Adhikar-AI\backend\node_modules\express\lib\router\index.js:421:3)
        at next (D:\program files\Adhikar-AI\backend\node_modules\express\lib\router\index.js:280:10)
        at SendStream.error (D:\program files\Adhikar-AI\backend\node_modules\serve-static\index.js:121:7)
        at SendStream.emit (node:events:509:28)
        at SendStream.error (D:\program files\Adhikar-AI\backend\node_modules\send\index.js:270:17)
        at SendStream.onStatError (D:\program files\Adhikar-AI\backend\node_modules\send\index.js:417:12)
        at next (D:\program files\Adhikar-AI\backend\node_modules\send\index.js:730:16)
        at onstat (D:\program files\Adhikar-AI\backend\node_modules\send\index.js:719:14)
        at FSReqCallback.oncomplete (node:fs:195:21)

    [0m [90m  5 |[39m [90m */[39m
     [90m  6 |[39m module[33m.[39mexports [33m=[39m (err[33m,[39m req[33m,[39m res[33m,[39m next) [33m=>[39m {
    [31m[1m>[22m[39m[90m  7 |[39m   console[33m.[39merror([32m`[ERROR] ${new Date().toISOString()}:`[39m[33m,[39m err[33m.[39mstack)[33m;[39m
     [90m    |[39m           [31m[1m^[22m[39m
     [90m  8 |[39m
     [90m  9 |[39m   [36mconst[39m statusCode [33m=[39m err[33m.[39mstatusCode [33m||[39m [35m500[39m[33m;[39m
     [90m 10 |[39m   [36mconst[39m message [33m=[39m err[33m.[39mmessage [33m||[39m [32m'Internal Server Error'[39m[33m;[39m[0m

      at error (middleware/errorHandler.js:7:11)
      at Layer.handle_error (node_modules/express/lib/router/layer.js:71:5)
      at trim_prefix (node_modules/express/lib/router/index.js:326:13)
      at node_modules/express/lib/router/index.js:286:9
      at router.process_params (node_modules/express/lib/router/index.js:346:12)
      at next (node_modules/express/lib/router/index.js:280:10)
      at Layer.handle [as handle_request] (node_modules/express/lib/router/layer.js:97:5)
      at trim_prefix (node_modules/express/lib/router/index.js:328:13)
      at node_modules/express/lib/router/index.js:286:9
      at param (node_modules/express/lib/router/index.js:365:14)
      at param (node_modules/express/lib/router/index.js:376:14)
      at router.process_params (node_modules/express/lib/router/index.js:421:3)
      at next (node_modules/express/lib/router/index.js:280:10)
      at next (node_modules/express/lib/router/route.js:141:14)
      at next (index.js:83:12)
      at Layer.handle [as handle_request] (node_modules/express/lib/router/layer.js:95:5)
      at next (node_modules/express/lib/router/route.js:149:13)
      at Route.dispatch (node_modules/express/lib/router/route.js:119:3)
      at Layer.handle [as handle_request] (node_modules/express/lib/router/layer.js:95:5)
      at node_modules/express/lib/router/index.js:284:15
      at param (node_modules/express/lib/router/index.js:365:14)
      at param (node_modules/express/lib/router/index.js:376:14)
      at router.process_params (node_modules/express/lib/router/index.js:421:3)
      at next (node_modules/express/lib/router/index.js:280:10)
      at SendStream.error (node_modules/serve-static/index.js:121:7)
      at SendStream.error (node_modules/send/index.js:270:17)
      at SendStream.onStatError (node_modules/send/index.js:417:12)
      at next (node_modules/send/index.js:730:16)
      at onstat (node_modules/send/index.js:719:14)

  console.log
    {"severity":"ERROR","message":"GET /api/non-existent-route 500 (93ms)","timestamp":"2026-05-03T18:26:04.904Z","serviceContext":{"service":"adhikar-ai-backend"},"httpRequest":{"requestMethod":"GET","requestUrl":"/api/non-existent-route","status":500,"remoteIp":"::ffff:127.0.0.1","latency":"0.093s"},"responseTime":93}

      at log (services/cloudLogger.js:18:15)

node.exe : FAIL tests/api.test.js (7.579 s)
At line:1 char:1
+ & "C:\Program Files\nodejs/node.exe" "C:\Program Files\nodejs/node_mo ...
+ ~~~~~~~~~~~~~~~~~~~~~~~~~~~~~~~~~~~~~~~~~~~~~~~~~~~~~~~~~~~~~~~~~~~~~
    + CategoryInfo          : NotSpecified: (FAIL tests/api.test.js (7.579 s):String) [], RemoteException
    + FullyQualifiedErrorId : NativeCommandError
 
  Adhikar AI API Endpoints
    ΓêÜ GET /health - Should return system health (343 ms)
    ΓêÜ GET /api/health - Should return API health (56 ms)
    ΓêÜ GET /api/news - Should return election news (46 ms)
    ΓêÜ GET /api/realtime - Should return realtime stats (47 ms)
    ΓêÜ GET /api/polling-booths - Should return booth data (43 ms)
    ΓêÜ GET /api/metrics - Should return system metrics (41 ms)
    ΓêÜ GET /api/candidates - Should return candidate records (71 ms)
    ΓêÜ POST /api/log - Should track analytics event (1997 ms)
    ΓêÜ POST /api/eligibility - Should check voter eligibility (96 ms)
    ΓêÜ POST /api/eligibility - Should handle ineligible user (107 ms)
    ΓêÜ POST /api/ai/ask - Should return AI response (or fallback) (122 ms)
    ΓêÜ POST /api/ai/ask - Should return 400 for empty message (69 ms)
    ΓêÜ POST /api/eligibility - Should handle missing body (59 ms)
    ├ù GET /api/timeline - Should handle invalid location (96 ms)
    ΓêÜ POST /api/log - Should handle missing eventType (160 ms)
    ├ù Error Handler - Should catch 404 (180 ms)

  ΓùÅ Adhikar AI API Endpoints ΓÇ║ GET /api/timeline - Should handle invalid location

    expect(received).toBe(expected) // Object.is equality

    Expected: 0
    Received: 1

    [0m [90m 103 |[39m     [36mconst[39m res [33m=[39m [36mawait[39m 
request(app)[33m.[39m[36mget[39m([32m'/api/timeline?location=InvalidPlace'[39m)[33m;[39m
     [90m 104 |[39m     expect(res[33m.[39mstatusCode)[33m.[39mtoBe([35m200[39m)[33m;[39m
    [31m[1m>[22m[39m[90m 105 |[39m     
expect(res[33m.[39mbody[33m.[39mdata[33m.[39mlength)[33m.[39mtoBe([35m0[39m)[33m;[39m
     [90m     |[39m                                  [31m[1m^[22m[39m
     [90m 106 |[39m   })[33m;[39m
     [90m 107 |[39m
     [90m 108 |[39m   test([32m'POST /api/log - Should handle missing eventType'[39m[33m,[39m [36masync[39m () 
[33m=>[39m {[0m

      at Object.toBe (tests/api.test.js:105:34)

  ΓùÅ Adhikar AI API Endpoints ΓÇ║ Error Handler - Should catch 404

    expect(received).toBe(expected) // Object.is equality

    Expected: 404
    Received: 500

    [0m [90m 116 |[39m   test([32m'Error Handler - Should catch 404'[39m[33m,[39m [36masync[39m () 
[33m=>[39m {
     [90m 117 |[39m     [36mconst[39m res [33m=[39m [36mawait[39m 
request(app)[33m.[39m[36mget[39m([32m'/api/non-existent-route'[39m)[33m;[39m
    [31m[1m>[22m[39m[90m 118 |[39m     expect(res[33m.[39mstatusCode)[33m.[39mtoBe([35m404[39m)[33m;[39m
     [90m     |[39m                            [31m[1m^[22m[39m
     [90m 119 |[39m   })[33m;[39m
     [90m 120 |[39m
     [90m 121 |[39m })[33m;[39m[0m

      at Object.toBe (tests/api.test.js:118:28)

------------------------|---------|----------|---------|---------|-------------------
File                    | % Stmts | % Branch | % Funcs | % Lines | Uncovered Line #s 
------------------------|---------|----------|---------|---------|-------------------
All files               |   80.64 |    71.42 |   72.22 |   81.69 |                   
 backend                |   91.66 |     37.5 |      60 |   93.22 |                   
  index.js              |   91.66 |     37.5 |      60 |   93.22 | 85,101-103        
 backend/controllers    |   72.58 |    76.66 |   85.71 |   72.58 |                   
  aiController.js       |    62.5 |    66.66 |     100 |    62.5 | 29-46             
  electionController.js |   78.94 |    79.16 |   83.33 |   78.94 | 19-20,53-54,59-63 
 backend/middleware     |     100 |    83.33 |     100 |     100 |                   
  errorHandler.js       |     100 |       75 |     100 |     100 | 10                
  logger.js             |     100 |      100 |     100 |     100 |                   
 backend/routes         |   81.65 |    68.75 |   72.72 |   81.65 |                   
  analytics.js          |    87.5 |     87.5 |      50 |    87.5 | 24,29             
  candidates.js         |   88.88 |      100 |     100 |   88.88 | 43                
  health.js             |     100 |      100 |     100 |     100 |                   
  insight.js            |   57.14 |      100 |       0 |   57.14 | 6-10              
  metrics.js            |    92.3 |      100 |     100 |    92.3 | 35                
  news.js               |   80.95 |       50 |     100 |   80.95 | 14-15,39-40       
  polling.js            |   88.88 |      100 |     100 |   88.88 | 20                
  realtime.js           |   83.33 |       50 |     100 |   83.33 | 17,37-38          
  voter.js              |      50 |      100 |       0 |      50 | 7-28              
 backend/services       |   67.44 |    57.14 |      50 |    72.5 |                   
  aiLogger.js           |   66.66 |       75 |     100 |   66.66 | 26-32             
  bigquery.js           |   71.42 |      100 |     100 |   71.42 | 19-20             
  cloudLogger.js        |      60 |        0 |      25 |      75 | 20,25-26          
  firestore.js          |   77.77 |       50 |     100 |   77.77 | 11-12             
 backend/utils          |   80.95 |       90 |      75 |   80.95 |                   
  logger.js             |      80 |      100 |      50 |      80 | 6                 
  responseFormatter.js  |     100 |      100 |     100 |     100 |                   
  validator.js          |   78.57 |     87.5 |     100 |   78.57 | 17,22-23          
------------------------|---------|----------|---------|---------|-------------------
Test Suites: 1 failed, 1 total
Tests:       2 failed, 14 passed, 16 total
Snapshots:   0 total
Time:        8.666 s
Ran all test suites.

ReferenceError: You are trying to `import` a file after the Jest environment has been torn down. From 
tests/api.test.js.

    [0m [90m 22 |[39m     [90m// 2. Firestore Storage[39m
     [90m 23 |[39m     [36mif[39m (db) {
    [31m[1m>[22m[39m[90m 24 |[39m       [36mawait[39m 
db[33m.[39mcollection([32m'analytics_logs'[39m)[33m.[39madd(logData)[33m;[39m
     [90m    |[39m       [31m[1m^[22m[39m
     [90m 25 |[39m     } [36melse[39m {
     [90m 26 |[39m       console[33m.[39mlog([32m'[AI-LOGGER] Firestore unavailable, logData:'[39m[33m,[39m 
logData)[33m;[39m
     [90m 27 |[39m     }[0m

      at Firestore.createCallOptions (node_modules/@google-cloud/firestore/build/src/index.js:1233:22)
      at Firestore.request (node_modules/@google-cloud/firestore/build/src/index.js:1373:34)
      at WriteBatch._commit (node_modules/@google-cloud/firestore/build/src/write-batch.js:480:32)
      at Object.<anonymous>.exports.logInteraction (services/aiLogger.js:24:7)
  console.error
    [AI-LOGGER] Logging failed: require(...).RetryOptions is not a constructor

    [0m [90m 29 |[39m     [36mreturn[39m [36mtrue[39m[33m;[39m
     [90m 30 |[39m   } [36mcatch[39m (err) {
    [31m[1m>[22m[39m[90m 31 |[39m     console[33m.[39merror([32m'[AI-LOGGER] Logging failed:'[39m[33m,[39m err[33m.[39mmessage)[33m;[39m
     [90m    |[39m             [31m[1m^[22m[39m
     [90m 32 |[39m     [36mreturn[39m [36mfalse[39m[33m;[39m
     [90m 33 |[39m   }
     [90m 34 |[39m }[33m;[39m[0m

      at error (services/aiLogger.js:31:13)

  console.error
    [AI-LOGGER] Logging failed: require(...).RetryOptions is not a constructor

    [0m [90m 29 |[39m     [36mreturn[39m [36mtrue[39m[33m;[39m
     [90m 30 |[39m   } [36mcatch[39m (err) {
    [31m[1m>[22m[39m[90m 31 |[39m     console[33m.[39merror([32m'[AI-LOGGER] Logging failed:'[39m[33m,[39m err[33m.[39mmessage)[33m;[39m
     [90m    |[39m             [31m[1m^[22m[39m
     [90m 32 |[39m     [36mreturn[39m [36mfalse[39m[33m;[39m
     [90m 33 |[39m   }
     [90m 34 |[39m }[33m;[39m[0m

      at error (services/aiLogger.js:31:13)

